Generating image with model: imagen-3.0-generate-001
Prompt: "A futuristic pickleball court on Mars, cinematic lighting, 4k"
node : Error 
generating image: 
GoogleAuthError: [Vert
exAI.GoogleAuthError]:
 
At line:1 char:1
+ node functions/test-
vertex-image.js > 
test_log.txt 2>&1
+ ~~~~~~~~~~~~~~~~~~~~
~~~~~~~~~~~~~~~~~~~~~~
~~~~~~~~~~~~~
    + CategoryInfo    
          : NotSpeci  
  fied: (Error gene   
 ratin...gleAuthEr    
ror]: :String) []    
, RemoteException
    + FullyQualifiedE 
   rrorId : NativeCo  
  mmandError
 
Unable to 
authenticate your 
request        
Depending on your run 
time environment, you 
can get 
authentication by     
   
- if in local 
instance or cloud 
shell: `!gcloud auth 
login`        
- if in Colab:        
    -`from 
google.colab import 
auth`        
    -`auth.authenticat
e_user()`        
- if in service 
account or other: 
please follow 
guidance in https://cl
oud.google.com/docs/au
thentication
    at D:\6 
Projects\Ai Social 
Media Creator\ai-socia
l-media\functions\node
_modules\@google-cloud
\vertexai\build\src\mo
dels\generative_models
.js:230:19
    at process.process
TicksAndRejections (no
de:internal/process/ta
sk_queues:95:5)
    at async 
generateContent (D:\6 
Projects\Ai Social 
Media Creator\ai-socia
l-media\functions\node
_modules\@google-cloud
\vertexai\build\src\fu
nctions\generate_conte
nt.js:51:16)
    at async 
generateImage (D:\6 
Projects\Ai Social 
Media Creator\ai-socia
l-media\functions\test
-vertex-image.js:22:24
) {
  stackTrace: Error: 
Could not load the 
default credentials. 
Browse to https://clou
d.google.com/docs/auth
entication/getting-sta
rted for more 
information.
      at GoogleAuth.ge
tApplicationDefaultAsy
nc (D:\6 Projects\Ai 
Social Media Creator\a
i-social-media\functio
ns\node_modules\google
-auth-library\build\sr
c\auth\googleauth.js:2
87:15)
      at process.proce
ssTicksAndRejections (
node:internal/process/
task_queues:95:5)
      at async GoogleA
uth._GoogleAuth_determ
ineClient (D:\6 
Projects\Ai Social 
Media Creator\ai-socia
l-media\functions\node
_modules\google-auth-l
ibrary\build\src\auth\
googleauth.js:834:32)
      at async 
GoogleAuth.getClient 
(D:\6 Projects\Ai 
Social Media Creator\a
i-social-media\functio
ns\node_modules\google
-auth-library\build\sr
c\auth\googleauth.js:6
98:20)
      at async GoogleA
uth.getAccessToken 
(D:\6 Projects\Ai 
Social Media Creator\a
i-social-media\functio
ns\node_modules\google
-auth-library\build\sr
c\auth\googleauth.js:7
22:24)
      at async 
generateContent (D:\6 
Projects\Ai Social 
Media Creator\ai-socia
l-media\functions\node
_modules\@google-cloud
\vertexai\build\src\fu
nctions\generate_conte
nt.js:51:16)
      at async 
generateImage (D:\6 
Projects\Ai Social 
Media Creator\ai-socia
l-media\functions\test
-vertex-image.js:22:24
),
  [cause]: Error: 
Could not load the 
default credentials. 
Browse to https://clou
d.google.com/docs/auth
entication/getting-sta
rted for more 
information.
      at GoogleAuth.ge
tApplicationDefaultAsy
nc (D:\6 Projects\Ai 
Social Media Creator\a
i-social-media\functio
ns\node_modules\google
-auth-library\build\sr
c\auth\googleauth.js:2
87:15)
      at process.proce
ssTicksAndRejections (
node:internal/process/
task_queues:95:5)
      at async GoogleA
uth._GoogleAuth_determ
ineClient (D:\6 
Projects\Ai Social 
Media Creator\ai-socia
l-media\functions\node
_modules\google-auth-l
ibrary\build\src\auth\
googleauth.js:834:32)
      at async 
GoogleAuth.getClient 
(D:\6 Projects\Ai 
Social Media Creator\a
i-social-media\functio
ns\node_modules\google
-auth-library\build\sr
c\auth\googleauth.js:6
98:20)
      at async GoogleA
uth.getAccessToken 
(D:\6 Projects\Ai 
Social Media Creator\a
i-social-media\functio
ns\node_modules\google
-auth-library\build\sr
c\auth\googleauth.js:7
22:24)
      at async 
generateContent (D:\6 
Projects\Ai Social 
Media Creator\ai-socia
l-media\functions\node
_modules\@google-cloud
\vertexai\build\src\fu
nctions\generate_conte
nt.js:51:16)
      at async 
generateImage (D:\6 
Projects\Ai Social 
Media Creator\ai-socia
l-media\functions\test
-vertex-image.js:22:24
)
}
